#-----------------------------------------------------------
# Vivado v2023.1 (64-bit)
# SW Build 3865809 on Sun May  7 15:05:29 MDT 2023
# IP Build 3864474 on Sun May  7 20:36:21 MDT 2023
# SharedData Build 3865790 on Sun May 07 13:33:03 MDT 2023
# Start of session at: Mon Oct 23 16:11:40 2023
# Process ID: 10576
# Current directory: C:/Users/conno/Downloads/lab5bpMod/lab5bpMod
# Command line: vivado.exe -gui_launcher_event rodinguilauncherevent4056 C:\Users\conno\Downloads\lab5bpMod\lab5bpMod\lab5bpMod.xpr
# Log file: C:/Users/conno/Downloads/lab5bpMod/lab5bpMod/vivado.log
# Journal file: C:/Users/conno/Downloads/lab5bpMod/lab5bpMod\vivado.jou
# Running On: CDH-UNIT-G14, OS: Windows, CPU Frequency: 3294 MHz, CPU Physical cores: 16, Host memory: 16354 MB
#-----------------------------------------------------------
start_gui
open_project C:/Users/conno/Downloads/lab5bpMod/lab5bpMod/lab5bpMod.xpr
update_compile_order -fileset sources_1
import_files -norecurse {C:/Users/conno/Desktop/tempFiles/bounce.vhd C:/Users/conno/Desktop/tempFiles/group_photos_top3.vhd C:/Users/conno/Desktop/tempFiles/vgs_screenSaver.vhd}
update_compile_order -fileset sources_1
set_property is_enabled false [get_files  C:/Users/conno/Downloads/lab5bpMod/lab5bpMod/lab5bpMod.srcs/sources_1/new/vga_bsprite4a.vhd]
close [ open C:/Users/conno/Downloads/lab5bpMod/lab5bpMod/lab5bpMod.srcs/sources_1/new/clock_pulse.vhd w ]
add_files C:/Users/conno/Downloads/lab5bpMod/lab5bpMod/lab5bpMod.srcs/sources_1/new/clock_pulse.vhd
update_compile_order -fileset sources_1
reset_run synth_1
# Disabling source management mode.  This is to allow the top design properties to be set without GUI intervention.
set_property source_mgmt_mode None [current_project]
set_property top group_photos_top3 [current_fileset]
# Re-enabling previously disabled source management mode.
set_property source_mgmt_mode All [current_project]
update_compile_order -fileset sources_1
launch_runs synth_1 -jobs 16
wait_on_run synth_1
